File 627-2150-306-201133-20130510170532025PDT completed
File 627-2150-306-201135-20130510170532713PDT completed
File 627-2150-306-201134-20130510170532412PDT completed
